---
source: src/tests/xml.rs
expression: "render(xml_doc_pretty(&xml), 8)"
---
<p>Hello  <em>world</em> !</p>
