---
source: src/tests/xml.rs
expression: "render(xml_doc_pretty(&xml), 12)"
---
<a href="/docs">
    <b>click</b>
</a>
