---
source: src/tests/xml.rs
expression: "render(xml_doc_compact(&xml), 120)"
---
<ul><li>one</li> <li>two</li> <li>three</li> <li>four</li> <li>five</li></ul>
