---
source: src/tests/exp.rs
expression: "render(expr_doc_pretty(&e), 10)"
---
f (x y)
