---
source: src/tests/exp.rs
expression: "render(expr_doc_pretty(&id), 30)"
---
\x. x
