---
source: src/tests/exp.rs
expression: "render(expr_doc_compact(&id), 120)"
---
\x. x
