---
source: src/tests/exp.rs
expression: "render(expr_doc_pretty(&e), 24)"
---
let value = veryLongIdentifierThatForcesWrap arg1
in veryLongIdentifierThatForcesWrap arg2 arg3
