---
source: src/tests/xml.rs
expression: "render(xml_doc_pretty(&xml), 40)"
---
<msg title="He said &quot;hi&quot; &amp; left &lt;quickly&gt;">5 &lt; 7 &amp; 9 &gt; 3</msg>
