---
source: src/tests/xml.rs
expression: "render(xml_doc_pretty(&xml), 10)"
---
<img src="logo.png" />
