---
source: src/tests/exp.rs
expression: "render(expr_doc_compact(&e), 120)"
---
f x y
