---
source: src/tests/unit_tests.rs
expression: doc.render(20)
---
prefix [Nested: 0]
    prefix [Nested: 4]
        prefix [Nested: 8]
