---
source: src/tests/unit_tests.rs
expression: doc.render(20)
---
prefix | <- column 7
    prefix | <- column 11
        prefix | <- column 15
