---
source: src/tests/exp.rs
expression: "render(expr_doc_pretty(&e), 20)"
---
let x = a in f x
