---
source: src/tests/exp.rs
expression: "render(expr_doc_pretty(&e), 12)"
---
let id = \x. x
in id y
